[bizbookdirectorytemplate.com/service-experts/index.html]
[backblue.gif]
[fade.gif]
[index.html]
[bizbookdirectorytemplate.com/images/home/179083357bizbook-white.png]
[code.jquery.com/ui/1.12.0/themes/base/jquery-ui.css]
[bizbookdirectorytemplate.com/service-experts/images/3261288129ex2.jpg]
[bizbookdirectorytemplate.com/images/icon/shop.png]
[bizbookdirectorytemplate.com/images/icon/expert.png]
[bizbookdirectorytemplate.com/images/icon/employee.png]
[bizbookdirectorytemplate.com/images/places/icons/hot-air-balloon.png]
[bizbookdirectorytemplate.com/images/icon/news.png]
[bizbookdirectorytemplate.com/images/icon/calendar.png]
[bizbookdirectorytemplate.com/images/icon/cart.png]
[bizbookdirectorytemplate.com/images/icon/coupons.png]
[bizbookdirectorytemplate.com/images/icon/blog1.png]
[bizbookdirectorytemplate.com/images/icon/11.png]
[bizbookdirectorytemplate.com/images/icon/listing.png]
[bizbookdirectorytemplate.com/images/icon/event.png]
[bizbookdirectorytemplate.com/images/icon/blog.png]
[bizbookdirectorytemplate.com/images/icon/general.png]
[bizbookdirectorytemplate.com/service-experts/images/automobile-bg.15.delayed]
[bizbookdirectorytemplate.com/images/ex2.jpg]
[bizbookdirectorytemplate.com/images/home2-hand.jpg]
[bizbookdirectorytemplate.com/images/home2-work.jpg]
[bizbookdirectorytemplate.com/service-experts/images/services/74990pexels-karolina-grabowska-4239123.jpg]
[bizbookdirectorytemplate.com/service-experts/images/services/43635samuel-regan-asante-sjjhbjhzhas-unsplash-(1).jpg]
[bizbookdirectorytemplate.com/service-experts/images/services/89759services-762103_640.jpg]
[bizbookdirectorytemplate.com/service-experts/images/services/17124chirayu-trivedi-04e5zc6fxlg-unsplash.jpg]
[bizbookdirectorytemplate.com/service-experts/images/services/11728pexels-negative-space-97075.jpg]
[bizbookdirectorytemplate.com/service-experts/images/services/97473timothy-l-brock-9s-_dwklji8-unsplash.jpg]
[bizbookdirectorytemplate.com/service-experts/images/services/47346cdc-vrpjdw3wqqi-unsplash.jpg]
[bizbookdirectorytemplate.com/service-experts/images/services/80193garin-chadwick-g2n5xvts1s8-unsplash.jpg]
[bizbookdirectorytemplate.com/service-experts/images/services/10799pexels-ksenia-chernaya-5767926.jpg]
[bizbookdirectorytemplate.com/service-experts/images/services/53609pexels-blue-bird-7218013.jpg]
[bizbookdirectorytemplate.com/service-experts/images/services/63410andras-vas-bd7gnnwjbku-unsplash.jpg]
[bizbookdirectorytemplate.com/images/user/70369backblue.gif]
[bizbookdirectorytemplate.com/images/user/970813.jpg]
[bizbookdirectorytemplate.com/images/icon/how1.png]
[bizbookdirectorytemplate.com/images/icon/how2.png]
[bizbookdirectorytemplate.com/images/icon/how3.png]
[bizbookdirectorytemplate.com/images/icon/how4.png]
[bizbookdirectorytemplate.com/images/mobile.png]
[bizbookdirectorytemplate.com/images/android.png]
[bizbookdirectorytemplate.com/images/apple.png]
[bizbookdirectorytemplate.com/images/ads/ads2.jpg]
[bizbookdirectorytemplate.com/images/quote.png]
[bizbookdirectorytemplate.com/images/icon/help.png]
[bizbookdirectorytemplate.com/service-experts/privacy-policy.php]
[bizbookdirectorytemplate.com/service-experts/terms-of-use.php]
[bizbookdirectorytemplate.com/images/gstore.png]
[bizbookdirectorytemplate.com/images/astore.png]
[bizbookdirectorytemplate.com/images/social/1.png]
[bizbookdirectorytemplate.com/images/social/2.png]
[bizbookdirectorytemplate.com/images/social/3.png]
[bizbookdirectorytemplate.com/images/social/4.png]
[bizbookdirectorytemplate.com/images/social/5.png]
[bizbookdirectorytemplate.com/images/icon/home.png]
[bizbookdirectorytemplate.com/images/icon/search1.png]
[bizbookdirectorytemplate.com/jobs/images/icon/employee.png]
[bizbookdirectorytemplate.com/js/jquery.min.js]
[bizbookdirectorytemplate.com/js/popper.min.js]
[bizbookdirectorytemplate.com/js/bootstrap.min.js]
[bizbookdirectorytemplate.com/js/jquery-ui.js]
[bizbookdirectorytemplate.com/js/select-opt.js]
[bizbookdirectorytemplate.com/js/slick.js]
[bizbookdirectorytemplate.com/js/custom.js]
[bizbookdirectorytemplate.com/js/jquery.validate.min.js]
[bizbookdirectorytemplate.com/js/custom_validation.js]
[bizbookdirectorytemplate.com/service-experts/index.html]
[code.jquery.com/ui/1.12.0/themes/base/images/ui-icons_444444_256x240.png]
[code.jquery.com/ui/1.12.0/themes/base/images/ui-icons_777777_256x240.png]
[code.jquery.com/ui/1.12.0/themes/base/images/ui-icons_555555_256x240.png]
[code.jquery.com/ui/1.12.0/themes/base/images/ui-icons_ffffff_256x240.png]
[code.jquery.com/ui/1.12.0/themes/base/images/ui-icons_777620_256x240.png]
[code.jquery.com/ui/1.12.0/themes/base/images/ui-icons_cc0000_256x240.png]
[code.jquery.com/ui/1.12.0/themes/base/jquery-ui.css]
[bizbookdirectorytemplate.com/css/images/ui-icons_444444_256x240.png]
[bizbookdirectorytemplate.com/css/images/ui-icons_555555_256x240.png]
[bizbookdirectorytemplate.com/css/images/ui-icons_ffffff_256x240.png]
[bizbookdirectorytemplate.com/css/images/ui-icons_777620_256x240.png]
[bizbookdirectorytemplate.com/css/images/ui-icons_cc0000_256x240.png]
[bizbookdirectorytemplate.com/css/images/ui-icons_777777_256x240.png]
[bizbookdirectorytemplate.com/css/jquery-ui.css]
[bizbookdirectorytemplate.com/css/bootstrap.css]
[bizbookdirectorytemplate.com/css/icon.woff2]
[bizbookdirectorytemplate.com/images/city-bg.png]
[bizbookdirectorytemplate.com/images/bgIcons.png]
[bizbookdirectorytemplate.com/images/icon/search.png]
[bizbookdirectorytemplate.com/images/icon/curve2.png]
[bizbookdirectorytemplate.com/images/worldmap.png]
[bizbookdirectorytemplate.com/images/list-p-bg.jpg]
[bizbookdirectorytemplate.com/images/all-product-bg.jpg]
[bizbookdirectorytemplate.com/images/icon/whatsapp.png]
[bizbookdirectorytemplate.com/images/list-deta/prop-bg.jpg]
[bizbookdirectorytemplate.com/images/list-deta/shop-bg.jpg]
[bizbookdirectorytemplate.com/images/list-deta/auto-bg.jpg]
[bizbookdirectorytemplate.com/images/profile-bg.jpg]
[bizbookdirectorytemplate.com/images/banner2.jpg]
[bizbookdirectorytemplate.com/images/face.jpg]
[bizbookdirectorytemplate.com/images/all-list-bg.jpg]
[bizbookdirectorytemplate.com/images/home-bg.jpg]
[bizbookdirectorytemplate.com/images/promo.jpg]
[bizbookdirectorytemplate.com/images/all-job-bg.jpg]
[bizbookdirectorytemplate.com/images/points.png]
[bizbookdirectorytemplate.com/images/icon/next.png]
[bizbookdirectorytemplate.com/images/job-banne.png]
[bizbookdirectorytemplate.com/images/coupon-bg.png]
[bizbookdirectorytemplate.com/images/ebook-bg.jpg]
[bizbookdirectorytemplate.com/images/home4.jpg]
[bizbookdirectorytemplate.com/images/places/banne.png]
[bizbookdirectorytemplate.com/images/places/icons/buildings.png]
[bizbookdirectorytemplate.com/images/places/icons/palm-tree.png]
[bizbookdirectorytemplate.com/css/chosen-sprite.png]
[bizbookdirectorytemplate.com/images/chosen-sprite.png]
[bizbookdirectorytemplate.com/css/style.css]
[bizbookdirectorytemplate.com/css/fonts.css]
[bizbookdirectorytemplate.com/service-experts/images/3261288129ex2.html]
[bizbookdirectorytemplate.com/service-experts/images/automobile-bg.html]
[bizbookdirectorytemplate.com/images/android.html]
[bizbookdirectorytemplate.com/images/apple.html]
[bizbookdirectorytemplate.com/service-experts/privacy-policy.html]
[bizbookdirectorytemplate.com/service-experts/terms-of-use.html]
[bizbookdirectorytemplate.com/css/images/ui-icons_444444_256x240.html]
[bizbookdirectorytemplate.com/css/images/ui-icons_555555_256x240.html]
[bizbookdirectorytemplate.com/css/images/ui-icons_ffffff_256x240.html]
[bizbookdirectorytemplate.com/css/images/ui-icons_777620_256x240.html]
[bizbookdirectorytemplate.com/css/images/ui-icons_cc0000_256x240.html]
[bizbookdirectorytemplate.com/css/images/ui-icons_777777_256x240.html]
[bizbookdirectorytemplate.com/images/list-deta/prop-bg.html]
[bizbookdirectorytemplate.com/images/list-deta/shop-bg.html]
[bizbookdirectorytemplate.com/images/list-deta/auto-bg.html]
[bizbookdirectorytemplate.com/images/profile-bg.html]
[bizbookdirectorytemplate.com/images/banner2.html]
